[2026-08-25T10:09:14+08:00] START stage=p3a1_scripted_stress_cachefix
[2026-08-25T10:09:14+08:00] COMMAND ["env", "PYTHONPATH=EmbodiedBench:.", "CUDA_VISIBLE_DEVICES=0", "/root/miniconda3/envs/max_embench/bin/python", "scripts/phase3a_collect_scripted_stress.py", "--manifest", "configs/eb_hab_train_validation_manifest.json", "--start-index", "40", "--episodes", "20", "--seed", "0", "--resolution", "500", "--output", "running/Phase3/phase3a/p3a1_scripted_stress_cachefix_20260825/events.jsonl", "--run-manifest", "running/Phase3/phase3a/p3a1_scripted_stress_cachefix_20260825/collection_manifest.json", "--exp-name", "vista_skill/phase3a_scripted_stress_cachefix_20260825"]
2026-08-25 10:09:16,210 Initializing dataset LangRearrangeDataset-v0
2026-08-25 10:09:16,210 Loading from /root/max/VISTA-Skill/EmbodiedBench/embodiedbench/envs/eb_habitat/datasets/train_validation.pickle
2026-08-25 10:09:16,215 initializing sim RearrangeSim-v0
[10:09:16:224389]:[Warning]:[Metadata] AttributesManagerBase.h(398)::buildAttrSrcPathsFromJSONAndLoad : <Articulated Object> : No Glob path result found for `data/hab_fetch_1.0/robots/fetch_no_base.urdf` so unable to load templates from that path.
[10:09:16:236714]:[Warning]:[Metadata] SceneDatasetAttributesManager.cpp(124)::loadAndValidateMap : `navmesh_instances` Value : `navmeshes/v3_sc4_staging_00.navmesh` not found on disk as absolute path or relative to `data/replica_cad`
[10:09:16:236724]:[Warning]:[Metadata] SceneDatasetAttributesManager.cpp(124)::loadAndValidateMap : `navmesh_instances` Value : `navmeshes/v3_sc4_staging_01.navmesh` not found on disk as absolute path or relative to `data/replica_cad`
[10:09:16:236729]:[Warning]:[Metadata] SceneDatasetAttributesManager.cpp(124)::loadAndValidateMap : `navmesh_instances` Value : `navmeshes/v3_sc4_staging_02.navmesh` not found on disk as absolute path or relative to `data/replica_cad`
[10:09:16:236733]:[Warning]:[Metadata] SceneDatasetAttributesManager.cpp(124)::loadAndValidateMap : `navmesh_instances` Value : `navmeshes/v3_sc4_staging_03.navmesh` not found on disk as absolute path or relative to `data/replica_cad`
[10:09:16:236738]:[Warning]:[Metadata] SceneDatasetAttributesManager.cpp(124)::loadAndValidateMap : `navmesh_instances` Value : `navmeshes/v3_sc4_staging_04.navmesh` not found on disk as absolute path or relative to `data/replica_cad`
[10:09:16:236743]:[Warning]:[Metadata] SceneDatasetAttributesManager.cpp(124)::loadAndValidateMap : `navmesh_instances` Value : `navmeshes/v3_sc4_staging_05.navmesh` not found on disk as absolute path or relative to `data/replica_cad`
[10:09:16:236748]:[Warning]:[Metadata] SceneDatasetAttributesManager.cpp(124)::loadAndValidateMap : `navmesh_instances` Value : `navmeshes/v3_sc4_staging_06.navmesh` not found on disk as absolute path or relative to `data/replica_cad`
[10:09:16:236752]:[Warning]:[Metadata] SceneDatasetAttributesManager.cpp(124)::loadAndValidateMap : `navmesh_instances` Value : `navmeshes/v3_sc4_staging_07.navmesh` not found on disk as absolute path or relative to `data/replica_cad`
[10:09:16:236757]:[Warning]:[Metadata] SceneDatasetAttributesManager.cpp(124)::loadAndValidateMap : `navmesh_instances` Value : `navmeshes/v3_sc4_staging_08.navmesh` not found on disk as absolute path or relative to `data/replica_cad`
[10:09:16:236761]:[Warning]:[Metadata] SceneDatasetAttributesManager.cpp(124)::loadAndValidateMap : `navmesh_instances` Value : `navmeshes/v3_sc4_staging_09.navmesh` not found on disk as absolute path or relative to `data/replica_cad`
[10:09:16:236765]:[Warning]:[Metadata] SceneDatasetAttributesManager.cpp(124)::loadAndValidateMap : `navmesh_instances` Value : `navmeshes/v3_sc4_staging_10.navmesh` not found on disk as absolute path or relative to `data/replica_cad`
[10:09:16:236770]:[Warning]:[Metadata] SceneDatasetAttributesManager.cpp(124)::loadAndValidateMap : `navmesh_instances` Value : `navmeshes/v3_sc4_staging_11.navmesh` not found on disk as absolute path or relative to `data/replica_cad`
[10:09:16:236774]:[Warning]:[Metadata] SceneDatasetAttributesManager.cpp(124)::loadAndValidateMap : `navmesh_instances` Value : `navmeshes/v3_sc4_staging_12.navmesh` not found on disk as absolute path or relative to `data/replica_cad`
[10:09:16:236779]:[Warning]:[Metadata] SceneDatasetAttributesManager.cpp(124)::loadAndValidateMap : `navmesh_instances` Value : `navmeshes/v3_sc4_staging_13.navmesh` not found on disk as absolute path or relative to `data/replica_cad`
[10:09:16:236783]:[Warning]:[Metadata] SceneDatasetAttributesManager.cpp(124)::loadAndValidateMap : `navmesh_instances` Value : `navmeshes/v3_sc4_staging_14.navmesh` not found on disk as absolute path or relative to `data/replica_cad`
[10:09:16:236788]:[Warning]:[Metadata] SceneDatasetAttributesManager.cpp(124)::loadAndValidateMap : `navmesh_instances` Value : `navmeshes/v3_sc4_staging_15.navmesh` not found on disk as absolute path or relative to `data/replica_cad`
[10:09:16:236792]:[Warning]:[Metadata] SceneDatasetAttributesManager.cpp(124)::loadAndValidateMap : `navmesh_instances` Value : `navmeshes/v3_sc4_staging_16.navmesh` not found on disk as absolute path or relative to `data/replica_cad`
[10:09:16:236796]:[Warning]:[Metadata] SceneDatasetAttributesManager.cpp(124)::loadAndValidateMap : `navmesh_instances` Value : `navmeshes/v3_sc4_staging_17.navmesh` not found on disk as absolute path or relative to `data/replica_cad`
[10:09:16:236801]:[Warning]:[Metadata] SceneDatasetAttributesManager.cpp(124)::loadAndValidateMap : `navmesh_instances` Value : `navmeshes/v3_sc4_staging_18.navmesh` not found on disk as absolute path or relative to `data/replica_cad`
[10:09:16:236805]:[Warning]:[Metadata] SceneDatasetAttributesManager.cpp(124)::loadAndValidateMap : `navmesh_instances` Value : `navmeshes/v3_sc4_staging_19.navmesh` not found on disk as absolute path or relative to `data/replica_cad`
[10:09:16:236810]:[Warning]:[Metadata] SceneDatasetAttributesManager.cpp(124)::loadAndValidateMap : `navmesh_instances` Value : `navmeshes/v3_sc4_staging_20.navmesh` not found on disk as absolute path or relative to `data/replica_cad`
Renderer: NVIDIA GeForce RTX 4090 D/PCIe/SSE2 by NVIDIA Corporation
OpenGL version: 4.6.0 NVIDIA 575.64.03
Using optional features:
    GL_ARB_vertex_array_object
    GL_ARB_separate_shader_objects
    GL_ARB_robustness
    GL_ARB_texture_storage
    GL_ARB_texture_view
    GL_ARB_framebuffer_no_attachments
    GL_ARB_invalidate_subdata
    GL_ARB_texture_storage_multisample
    GL_ARB_multi_bind
    GL_ARB_direct_state_access
    GL_ARB_get_texture_sub_image
    GL_ARB_texture_filter_anisotropic
    GL_KHR_debug
    GL_KHR_parallel_shader_compile
    GL_NV_depth_buffer_float
Using driver workarounds:
    no-forward-compatible-core-context
    nv-egl-incorrect-gl11-function-pointers
    no-layout-qualifiers-on-old-glsl
    nv-zero-context-profile-mask
    nv-implementation-color-read-format-dsa-broken
    nv-cubemap-inconsistent-compressed-image-size
    nv-cubemap-broken-full-compressed-image-query
    nv-compressed-block-size-in-bits
MeshTools::compile(): ignoring Trade::MeshAttribute::TextureCoordinates 1 as its biding slot is already occupied by Trade::MeshAttribute::TextureCoordinates 0
MeshTools::compile(): ignoring Trade::MeshAttribute::TextureCoordinates 1 as its biding slot is already occupied by Trade::MeshAttribute::TextureCoordinates 0
MeshTools::compile(): ignoring Trade::MeshAttribute::TextureCoordinates 1 as its biding slot is already occupied by Trade::MeshAttribute::TextureCoordinates 0
MeshTools::compile(): ignoring Trade::MeshAttribute::TextureCoordinates 1 as its biding slot is already occupied by Trade::MeshAttribute::TextureCoordinates 0
[10:09:16:574560]:[Warning]:[Sim] Simulator.cpp(533)::instanceStageForSceneAttributes : The active scene does not contain semantic annotations : activeSemanticSceneID_ = 0
2026-08-25 10:09:17,632 Initializing task RearrangePredicateTask-v0
[10:09:17:852352]:[Warning]:[Sim] Simulator.cpp(533)::instanceStageForSceneAttributes : The active scene does not contain semantic annotations : activeSemanticSceneID_ = 1
[10:09:24:184700]:[Warning]:[Sim] Simulator.cpp(533)::instanceStageForSceneAttributes : The active scene does not contain semantic annotations : activeSemanticSceneID_ = 2
[10:09:29:576005]:[Warning]:[Sim] Simulator.cpp(533)::instanceStageForSceneAttributes : The active scene does not contain semantic annotations : activeSemanticSceneID_ = 3
Num episodes 100
{
  "action_counts": {
    "close": 37,
    "nav": 20,
    "open": 58,
    "pick": 20,
    "place": 20
  },
  "analysis_type": "phase3a_scripted_stress_collection",
  "episode_count": 20,
  "episode_ids": [
    "40",
    "41",
    "42",
    "43",
    "44",
    "45",
    "46",
    "47",
    "48",
    "49",
    "50",
    "51",
    "52",
    "53",
    "54",
    "55",
    "56",
    "57",
    "58",
    "59"
  ],
  "finished_at_unix": 1787623774.2720141,
  "manifest": "/root/max/VISTA-Skill/configs/eb_hab_train_validation_manifest.json",
  "manifest_sha256": "b08ee365b22302899084e209f09002e96242d3ce3eb4bad410d0523b4a163bec",
  "output": "running/Phase3/phase3a/p3a1_scripted_stress_cachefix_20260825/events.jsonl",
  "policy": "fixed public-catalog schedule: invalid place/pick/open probes, then nav/open/reopen/close/reclose; no state-adaptive action selection",
  "seed": 0,
  "started_at_unix": 1787623757.820454,
  "task_successes": 2,
  "transition_count": 155
}
[2026-08-25T10:09:34+08:00] END stage=p3a1_scripted_stress_cachefix exit_code=0
