2026-09-07 16:29:29,966 Initializing dataset LangRearrangeDataset-v0
2026-09-07 16:29:29,966 Loading from /root/max/VISTA-Skill/EmbodiedBench/embodiedbench/envs/eb_habitat/datasets/train_validation.pickle
2026-09-07 16:29:29,971 initializing sim RearrangeSim-v0
[16:29:29:980706]:[Warning]:[Metadata] AttributesManagerBase.h(398)::buildAttrSrcPathsFromJSONAndLoad : <Articulated Object> : No Glob path result found for `data/hab_fetch_1.0/robots/fetch_no_base.urdf` so unable to load templates from that path.
[16:29:29:993100]:[Warning]:[Metadata] SceneDatasetAttributesManager.cpp(124)::loadAndValidateMap : `navmesh_instances` Value : `navmeshes/v3_sc4_staging_00.navmesh` not found on disk as absolute path or relative to `data/replica_cad`
[16:29:29:993117]:[Warning]:[Metadata] SceneDatasetAttributesManager.cpp(124)::loadAndValidateMap : `navmesh_instances` Value : `navmeshes/v3_sc4_staging_01.navmesh` not found on disk as absolute path or relative to `data/replica_cad`
[16:29:29:993123]:[Warning]:[Metadata] SceneDatasetAttributesManager.cpp(124)::loadAndValidateMap : `navmesh_instances` Value : `navmeshes/v3_sc4_staging_02.navmesh` not found on disk as absolute path or relative to `data/replica_cad`
[16:29:29:993130]:[Warning]:[Metadata] SceneDatasetAttributesManager.cpp(124)::loadAndValidateMap : `navmesh_instances` Value : `navmeshes/v3_sc4_staging_03.navmesh` not found on disk as absolute path or relative to `data/replica_cad`
[16:29:29:993136]:[Warning]:[Metadata] SceneDatasetAttributesManager.cpp(124)::loadAndValidateMap : `navmesh_instances` Value : `navmeshes/v3_sc4_staging_04.navmesh` not found on disk as absolute path or relative to `data/replica_cad`
[16:29:29:993143]:[Warning]:[Metadata] SceneDatasetAttributesManager.cpp(124)::loadAndValidateMap : `navmesh_instances` Value : `navmeshes/v3_sc4_staging_05.navmesh` not found on disk as absolute path or relative to `data/replica_cad`
[16:29:29:993149]:[Warning]:[Metadata] SceneDatasetAttributesManager.cpp(124)::loadAndValidateMap : `navmesh_instances` Value : `navmeshes/v3_sc4_staging_06.navmesh` not found on disk as absolute path or relative to `data/replica_cad`
[16:29:29:993155]:[Warning]:[Metadata] SceneDatasetAttributesManager.cpp(124)::loadAndValidateMap : `navmesh_instances` Value : `navmeshes/v3_sc4_staging_07.navmesh` not found on disk as absolute path or relative to `data/replica_cad`
[16:29:29:993162]:[Warning]:[Metadata] SceneDatasetAttributesManager.cpp(124)::loadAndValidateMap : `navmesh_instances` Value : `navmeshes/v3_sc4_staging_08.navmesh` not found on disk as absolute path or relative to `data/replica_cad`
[16:29:29:993168]:[Warning]:[Metadata] SceneDatasetAttributesManager.cpp(124)::loadAndValidateMap : `navmesh_instances` Value : `navmeshes/v3_sc4_staging_09.navmesh` not found on disk as absolute path or relative to `data/replica_cad`
[16:29:29:993174]:[Warning]:[Metadata] SceneDatasetAttributesManager.cpp(124)::loadAndValidateMap : `navmesh_instances` Value : `navmeshes/v3_sc4_staging_10.navmesh` not found on disk as absolute path or relative to `data/replica_cad`
[16:29:29:993181]:[Warning]:[Metadata] SceneDatasetAttributesManager.cpp(124)::loadAndValidateMap : `navmesh_instances` Value : `navmeshes/v3_sc4_staging_11.navmesh` not found on disk as absolute path or relative to `data/replica_cad`
[16:29:29:993187]:[Warning]:[Metadata] SceneDatasetAttributesManager.cpp(124)::loadAndValidateMap : `navmesh_instances` Value : `navmeshes/v3_sc4_staging_12.navmesh` not found on disk as absolute path or relative to `data/replica_cad`
[16:29:29:993194]:[Warning]:[Metadata] SceneDatasetAttributesManager.cpp(124)::loadAndValidateMap : `navmesh_instances` Value : `navmeshes/v3_sc4_staging_13.navmesh` not found on disk as absolute path or relative to `data/replica_cad`
[16:29:29:993200]:[Warning]:[Metadata] SceneDatasetAttributesManager.cpp(124)::loadAndValidateMap : `navmesh_instances` Value : `navmeshes/v3_sc4_staging_14.navmesh` not found on disk as absolute path or relative to `data/replica_cad`
[16:29:29:993207]:[Warning]:[Metadata] SceneDatasetAttributesManager.cpp(124)::loadAndValidateMap : `navmesh_instances` Value : `navmeshes/v3_sc4_staging_15.navmesh` not found on disk as absolute path or relative to `data/replica_cad`
[16:29:29:993220]:[Warning]:[Metadata] SceneDatasetAttributesManager.cpp(124)::loadAndValidateMap : `navmesh_instances` Value : `navmeshes/v3_sc4_staging_16.navmesh` not found on disk as absolute path or relative to `data/replica_cad`
[16:29:29:993227]:[Warning]:[Metadata] SceneDatasetAttributesManager.cpp(124)::loadAndValidateMap : `navmesh_instances` Value : `navmeshes/v3_sc4_staging_17.navmesh` not found on disk as absolute path or relative to `data/replica_cad`
[16:29:29:993233]:[Warning]:[Metadata] SceneDatasetAttributesManager.cpp(124)::loadAndValidateMap : `navmesh_instances` Value : `navmeshes/v3_sc4_staging_18.navmesh` not found on disk as absolute path or relative to `data/replica_cad`
[16:29:29:993240]:[Warning]:[Metadata] SceneDatasetAttributesManager.cpp(124)::loadAndValidateMap : `navmesh_instances` Value : `navmeshes/v3_sc4_staging_19.navmesh` not found on disk as absolute path or relative to `data/replica_cad`
[16:29:29:993247]:[Warning]:[Metadata] SceneDatasetAttributesManager.cpp(124)::loadAndValidateMap : `navmesh_instances` Value : `navmeshes/v3_sc4_staging_20.navmesh` not found on disk as absolute path or relative to `data/replica_cad`
Renderer: NVIDIA GeForce RTX 4090 D/PCIe/SSE2 by NVIDIA Corporation
OpenGL version: 4.6.0 NVIDIA 575.64.03
Using optional features:
    GL_ARB_vertex_array_object
    GL_ARB_separate_shader_objects
    GL_ARB_robustness
    GL_ARB_texture_storage
    GL_ARB_texture_view
    GL_ARB_framebuffer_no_attachments
    GL_ARB_invalidate_subdata
    GL_ARB_texture_storage_multisample
    GL_ARB_multi_bind
    GL_ARB_direct_state_access
    GL_ARB_get_texture_sub_image
    GL_ARB_texture_filter_anisotropic
    GL_KHR_debug
    GL_KHR_parallel_shader_compile
    GL_NV_depth_buffer_float
Using driver workarounds:
    no-forward-compatible-core-context
    nv-egl-incorrect-gl11-function-pointers
    no-layout-qualifiers-on-old-glsl
    nv-zero-context-profile-mask
    nv-implementation-color-read-format-dsa-broken
    nv-cubemap-inconsistent-compressed-image-size
    nv-cubemap-broken-full-compressed-image-query
    nv-compressed-block-size-in-bits
MeshTools::compile(): ignoring Trade::MeshAttribute::TextureCoordinates 1 as its biding slot is already occupied by Trade::MeshAttribute::TextureCoordinates 0
MeshTools::compile(): ignoring Trade::MeshAttribute::TextureCoordinates 1 as its biding slot is already occupied by Trade::MeshAttribute::TextureCoordinates 0
MeshTools::compile(): ignoring Trade::MeshAttribute::TextureCoordinates 1 as its biding slot is already occupied by Trade::MeshAttribute::TextureCoordinates 0
MeshTools::compile(): ignoring Trade::MeshAttribute::TextureCoordinates 1 as its biding slot is already occupied by Trade::MeshAttribute::TextureCoordinates 0
[16:29:30:359332]:[Warning]:[Sim] Simulator.cpp(533)::instanceStageForSceneAttributes : The active scene does not contain semantic annotations : activeSemanticSceneID_ = 0
2026-09-07 16:29:31,416 Initializing task RearrangePredicateTask-v0
[16:29:31:929541]:[Warning]:[Sim] Simulator.cpp(533)::instanceStageForSceneAttributes : The active scene does not contain semantic annotations : activeSemanticSceneID_ = 1
Num episodes 100
COMPLETE mechanism p57_acquisition_01 seed=570907 arm=parent success=0.0
2026-09-07 16:30:44,175 Initializing dataset LangRearrangeDataset-v0
2026-09-07 16:30:44,175 Loading from /root/max/VISTA-Skill/EmbodiedBench/embodiedbench/envs/eb_habitat/datasets/train_validation.pickle
2026-09-07 16:30:44,180 initializing sim RearrangeSim-v0
[16:30:44:187964]:[Warning]:[Metadata] AttributesManagerBase.h(398)::buildAttrSrcPathsFromJSONAndLoad : <Articulated Object> : No Glob path result found for `data/hab_fetch_1.0/robots/fetch_no_base.urdf` so unable to load templates from that path.
[16:30:44:200952]:[Warning]:[Metadata] SceneDatasetAttributesManager.cpp(124)::loadAndValidateMap : `navmesh_instances` Value : `navmeshes/v3_sc4_staging_00.navmesh` not found on disk as absolute path or relative to `data/replica_cad`
[16:30:44:200978]:[Warning]:[Metadata] SceneDatasetAttributesManager.cpp(124)::loadAndValidateMap : `navmesh_instances` Value : `navmeshes/v3_sc4_staging_01.navmesh` not found on disk as absolute path or relative to `data/replica_cad`
[16:30:44:200985]:[Warning]:[Metadata] SceneDatasetAttributesManager.cpp(124)::loadAndValidateMap : `navmesh_instances` Value : `navmeshes/v3_sc4_staging_02.navmesh` not found on disk as absolute path or relative to `data/replica_cad`
[16:30:44:200991]:[Warning]:[Metadata] SceneDatasetAttributesManager.cpp(124)::loadAndValidateMap : `navmesh_instances` Value : `navmeshes/v3_sc4_staging_03.navmesh` not found on disk as absolute path or relative to `data/replica_cad`
[16:30:44:200998]:[Warning]:[Metadata] SceneDatasetAttributesManager.cpp(124)::loadAndValidateMap : `navmesh_instances` Value : `navmeshes/v3_sc4_staging_04.navmesh` not found on disk as absolute path or relative to `data/replica_cad`
[16:30:44:201004]:[Warning]:[Metadata] SceneDatasetAttributesManager.cpp(124)::loadAndValidateMap : `navmesh_instances` Value : `navmeshes/v3_sc4_staging_05.navmesh` not found on disk as absolute path or relative to `data/replica_cad`
[16:30:44:201011]:[Warning]:[Metadata] SceneDatasetAttributesManager.cpp(124)::loadAndValidateMap : `navmesh_instances` Value : `navmeshes/v3_sc4_staging_06.navmesh` not found on disk as absolute path or relative to `data/replica_cad`
[16:30:44:201017]:[Warning]:[Metadata] SceneDatasetAttributesManager.cpp(124)::loadAndValidateMap : `navmesh_instances` Value : `navmeshes/v3_sc4_staging_07.navmesh` not found on disk as absolute path or relative to `data/replica_cad`
[16:30:44:201023]:[Warning]:[Metadata] SceneDatasetAttributesManager.cpp(124)::loadAndValidateMap : `navmesh_instances` Value : `navmeshes/v3_sc4_staging_08.navmesh` not found on disk as absolute path or relative to `data/replica_cad`
[16:30:44:201030]:[Warning]:[Metadata] SceneDatasetAttributesManager.cpp(124)::loadAndValidateMap : `navmesh_instances` Value : `navmeshes/v3_sc4_staging_09.navmesh` not found on disk as absolute path or relative to `data/replica_cad`
[16:30:44:201036]:[Warning]:[Metadata] SceneDatasetAttributesManager.cpp(124)::loadAndValidateMap : `navmesh_instances` Value : `navmeshes/v3_sc4_staging_10.navmesh` not found on disk as absolute path or relative to `data/replica_cad`
[16:30:44:201043]:[Warning]:[Metadata] SceneDatasetAttributesManager.cpp(124)::loadAndValidateMap : `navmesh_instances` Value : `navmeshes/v3_sc4_staging_11.navmesh` not found on disk as absolute path or relative to `data/replica_cad`
[16:30:44:201049]:[Warning]:[Metadata] SceneDatasetAttributesManager.cpp(124)::loadAndValidateMap : `navmesh_instances` Value : `navmeshes/v3_sc4_staging_12.navmesh` not found on disk as absolute path or relative to `data/replica_cad`
[16:30:44:201056]:[Warning]:[Metadata] SceneDatasetAttributesManager.cpp(124)::loadAndValidateMap : `navmesh_instances` Value : `navmeshes/v3_sc4_staging_13.navmesh` not found on disk as absolute path or relative to `data/replica_cad`
[16:30:44:201062]:[Warning]:[Metadata] SceneDatasetAttributesManager.cpp(124)::loadAndValidateMap : `navmesh_instances` Value : `navmeshes/v3_sc4_staging_14.navmesh` not found on disk as absolute path or relative to `data/replica_cad`
[16:30:44:201069]:[Warning]:[Metadata] SceneDatasetAttributesManager.cpp(124)::loadAndValidateMap : `navmesh_instances` Value : `navmeshes/v3_sc4_staging_15.navmesh` not found on disk as absolute path or relative to `data/replica_cad`
[16:30:44:201076]:[Warning]:[Metadata] SceneDatasetAttributesManager.cpp(124)::loadAndValidateMap : `navmesh_instances` Value : `navmeshes/v3_sc4_staging_16.navmesh` not found on disk as absolute path or relative to `data/replica_cad`
[16:30:44:201083]:[Warning]:[Metadata] SceneDatasetAttributesManager.cpp(124)::loadAndValidateMap : `navmesh_instances` Value : `navmeshes/v3_sc4_staging_17.navmesh` not found on disk as absolute path or relative to `data/replica_cad`
[16:30:44:201089]:[Warning]:[Metadata] SceneDatasetAttributesManager.cpp(124)::loadAndValidateMap : `navmesh_instances` Value : `navmeshes/v3_sc4_staging_18.navmesh` not found on disk as absolute path or relative to `data/replica_cad`
[16:30:44:201100]:[Warning]:[Metadata] SceneDatasetAttributesManager.cpp(124)::loadAndValidateMap : `navmesh_instances` Value : `navmeshes/v3_sc4_staging_19.navmesh` not found on disk as absolute path or relative to `data/replica_cad`
[16:30:44:201106]:[Warning]:[Metadata] SceneDatasetAttributesManager.cpp(124)::loadAndValidateMap : `navmesh_instances` Value : `navmeshes/v3_sc4_staging_20.navmesh` not found on disk as absolute path or relative to `data/replica_cad`
Renderer: NVIDIA GeForce RTX 4090 D/PCIe/SSE2 by NVIDIA Corporation
OpenGL version: 4.6.0 NVIDIA 575.64.03
Using optional features:
    GL_ARB_vertex_array_object
    GL_ARB_separate_shader_objects
    GL_ARB_robustness
    GL_ARB_texture_storage
    GL_ARB_texture_view
    GL_ARB_framebuffer_no_attachments
    GL_ARB_invalidate_subdata
    GL_ARB_texture_storage_multisample
    GL_ARB_multi_bind
    GL_ARB_direct_state_access
    GL_ARB_get_texture_sub_image
    GL_ARB_texture_filter_anisotropic
    GL_KHR_debug
    GL_KHR_parallel_shader_compile
    GL_NV_depth_buffer_float
Using driver workarounds:
    no-forward-compatible-core-context
    nv-egl-incorrect-gl11-function-pointers
    no-layout-qualifiers-on-old-glsl
    nv-zero-context-profile-mask
    nv-implementation-color-read-format-dsa-broken
    nv-cubemap-inconsistent-compressed-image-size
    nv-cubemap-broken-full-compressed-image-query
    nv-compressed-block-size-in-bits
MeshTools::compile(): ignoring Trade::MeshAttribute::TextureCoordinates 1 as its biding slot is already occupied by Trade::MeshAttribute::TextureCoordinates 0
MeshTools::compile(): ignoring Trade::MeshAttribute::TextureCoordinates 1 as its biding slot is already occupied by Trade::MeshAttribute::TextureCoordinates 0
MeshTools::compile(): ignoring Trade::MeshAttribute::TextureCoordinates 1 as its biding slot is already occupied by Trade::MeshAttribute::TextureCoordinates 0
MeshTools::compile(): ignoring Trade::MeshAttribute::TextureCoordinates 1 as its biding slot is already occupied by Trade::MeshAttribute::TextureCoordinates 0
[16:30:44:446459]:[Warning]:[Sim] Simulator.cpp(533)::instanceStageForSceneAttributes : The active scene does not contain semantic annotations : activeSemanticSceneID_ = 0
2026-09-07 16:30:45,461 Initializing task RearrangePredicateTask-v0
[16:30:45:531827]:[Warning]:[Sim] Simulator.cpp(533)::instanceStageForSceneAttributes : The active scene does not contain semantic annotations : activeSemanticSceneID_ = 1
Num episodes 100
COMPLETE mechanism p57_acquisition_01 seed=570907 arm=candidate success=0.0
