2026-09-07 15:48:10,318 Initializing dataset LangRearrangeDataset-v0
2026-09-07 15:48:10,318 Loading from /root/max/VISTA-Skill/EmbodiedBench/embodiedbench/envs/eb_habitat/datasets/train_validation.pickle
2026-09-07 15:48:10,324 initializing sim RearrangeSim-v0
[15:48:10:332956]:[Warning]:[Metadata] AttributesManagerBase.h(398)::buildAttrSrcPathsFromJSONAndLoad : <Articulated Object> : No Glob path result found for `data/hab_fetch_1.0/robots/fetch_no_base.urdf` so unable to load templates from that path.
[15:48:10:345272]:[Warning]:[Metadata] SceneDatasetAttributesManager.cpp(124)::loadAndValidateMap : `navmesh_instances` Value : `navmeshes/v3_sc4_staging_00.navmesh` not found on disk as absolute path or relative to `data/replica_cad`
[15:48:10:345287]:[Warning]:[Metadata] SceneDatasetAttributesManager.cpp(124)::loadAndValidateMap : `navmesh_instances` Value : `navmeshes/v3_sc4_staging_01.navmesh` not found on disk as absolute path or relative to `data/replica_cad`
[15:48:10:345294]:[Warning]:[Metadata] SceneDatasetAttributesManager.cpp(124)::loadAndValidateMap : `navmesh_instances` Value : `navmeshes/v3_sc4_staging_02.navmesh` not found on disk as absolute path or relative to `data/replica_cad`
[15:48:10:345301]:[Warning]:[Metadata] SceneDatasetAttributesManager.cpp(124)::loadAndValidateMap : `navmesh_instances` Value : `navmeshes/v3_sc4_staging_03.navmesh` not found on disk as absolute path or relative to `data/replica_cad`
[15:48:10:345308]:[Warning]:[Metadata] SceneDatasetAttributesManager.cpp(124)::loadAndValidateMap : `navmesh_instances` Value : `navmeshes/v3_sc4_staging_04.navmesh` not found on disk as absolute path or relative to `data/replica_cad`
[15:48:10:345315]:[Warning]:[Metadata] SceneDatasetAttributesManager.cpp(124)::loadAndValidateMap : `navmesh_instances` Value : `navmeshes/v3_sc4_staging_05.navmesh` not found on disk as absolute path or relative to `data/replica_cad`
[15:48:10:345321]:[Warning]:[Metadata] SceneDatasetAttributesManager.cpp(124)::loadAndValidateMap : `navmesh_instances` Value : `navmeshes/v3_sc4_staging_06.navmesh` not found on disk as absolute path or relative to `data/replica_cad`
[15:48:10:345328]:[Warning]:[Metadata] SceneDatasetAttributesManager.cpp(124)::loadAndValidateMap : `navmesh_instances` Value : `navmeshes/v3_sc4_staging_07.navmesh` not found on disk as absolute path or relative to `data/replica_cad`
[15:48:10:345335]:[Warning]:[Metadata] SceneDatasetAttributesManager.cpp(124)::loadAndValidateMap : `navmesh_instances` Value : `navmeshes/v3_sc4_staging_08.navmesh` not found on disk as absolute path or relative to `data/replica_cad`
[15:48:10:345342]:[Warning]:[Metadata] SceneDatasetAttributesManager.cpp(124)::loadAndValidateMap : `navmesh_instances` Value : `navmeshes/v3_sc4_staging_09.navmesh` not found on disk as absolute path or relative to `data/replica_cad`
[15:48:10:345348]:[Warning]:[Metadata] SceneDatasetAttributesManager.cpp(124)::loadAndValidateMap : `navmesh_instances` Value : `navmeshes/v3_sc4_staging_10.navmesh` not found on disk as absolute path or relative to `data/replica_cad`
[15:48:10:345355]:[Warning]:[Metadata] SceneDatasetAttributesManager.cpp(124)::loadAndValidateMap : `navmesh_instances` Value : `navmeshes/v3_sc4_staging_11.navmesh` not found on disk as absolute path or relative to `data/replica_cad`
[15:48:10:345361]:[Warning]:[Metadata] SceneDatasetAttributesManager.cpp(124)::loadAndValidateMap : `navmesh_instances` Value : `navmeshes/v3_sc4_staging_12.navmesh` not found on disk as absolute path or relative to `data/replica_cad`
[15:48:10:345368]:[Warning]:[Metadata] SceneDatasetAttributesManager.cpp(124)::loadAndValidateMap : `navmesh_instances` Value : `navmeshes/v3_sc4_staging_13.navmesh` not found on disk as absolute path or relative to `data/replica_cad`
[15:48:10:345375]:[Warning]:[Metadata] SceneDatasetAttributesManager.cpp(124)::loadAndValidateMap : `navmesh_instances` Value : `navmeshes/v3_sc4_staging_14.navmesh` not found on disk as absolute path or relative to `data/replica_cad`
[15:48:10:345382]:[Warning]:[Metadata] SceneDatasetAttributesManager.cpp(124)::loadAndValidateMap : `navmesh_instances` Value : `navmeshes/v3_sc4_staging_15.navmesh` not found on disk as absolute path or relative to `data/replica_cad`
[15:48:10:345395]:[Warning]:[Metadata] SceneDatasetAttributesManager.cpp(124)::loadAndValidateMap : `navmesh_instances` Value : `navmeshes/v3_sc4_staging_16.navmesh` not found on disk as absolute path or relative to `data/replica_cad`
[15:48:10:345402]:[Warning]:[Metadata] SceneDatasetAttributesManager.cpp(124)::loadAndValidateMap : `navmesh_instances` Value : `navmeshes/v3_sc4_staging_17.navmesh` not found on disk as absolute path or relative to `data/replica_cad`
[15:48:10:345408]:[Warning]:[Metadata] SceneDatasetAttributesManager.cpp(124)::loadAndValidateMap : `navmesh_instances` Value : `navmeshes/v3_sc4_staging_18.navmesh` not found on disk as absolute path or relative to `data/replica_cad`
[15:48:10:345415]:[Warning]:[Metadata] SceneDatasetAttributesManager.cpp(124)::loadAndValidateMap : `navmesh_instances` Value : `navmeshes/v3_sc4_staging_19.navmesh` not found on disk as absolute path or relative to `data/replica_cad`
[15:48:10:345422]:[Warning]:[Metadata] SceneDatasetAttributesManager.cpp(124)::loadAndValidateMap : `navmesh_instances` Value : `navmeshes/v3_sc4_staging_20.navmesh` not found on disk as absolute path or relative to `data/replica_cad`
Renderer: NVIDIA GeForce RTX 4090 D/PCIe/SSE2 by NVIDIA Corporation
OpenGL version: 4.6.0 NVIDIA 575.64.03
Using optional features:
    GL_ARB_vertex_array_object
    GL_ARB_separate_shader_objects
    GL_ARB_robustness
    GL_ARB_texture_storage
    GL_ARB_texture_view
    GL_ARB_framebuffer_no_attachments
    GL_ARB_invalidate_subdata
    GL_ARB_texture_storage_multisample
    GL_ARB_multi_bind
    GL_ARB_direct_state_access
    GL_ARB_get_texture_sub_image
    GL_ARB_texture_filter_anisotropic
    GL_KHR_debug
    GL_KHR_parallel_shader_compile
    GL_NV_depth_buffer_float
Using driver workarounds:
    no-forward-compatible-core-context
    nv-egl-incorrect-gl11-function-pointers
    no-layout-qualifiers-on-old-glsl
    nv-zero-context-profile-mask
    nv-implementation-color-read-format-dsa-broken
    nv-cubemap-inconsistent-compressed-image-size
    nv-cubemap-broken-full-compressed-image-query
    nv-compressed-block-size-in-bits
MeshTools::compile(): ignoring Trade::MeshAttribute::TextureCoordinates 1 as its biding slot is already occupied by Trade::MeshAttribute::TextureCoordinates 0
MeshTools::compile(): ignoring Trade::MeshAttribute::TextureCoordinates 1 as its biding slot is already occupied by Trade::MeshAttribute::TextureCoordinates 0
MeshTools::compile(): ignoring Trade::MeshAttribute::TextureCoordinates 1 as its biding slot is already occupied by Trade::MeshAttribute::TextureCoordinates 0
MeshTools::compile(): ignoring Trade::MeshAttribute::TextureCoordinates 1 as its biding slot is already occupied by Trade::MeshAttribute::TextureCoordinates 0
[15:48:10:662820]:[Warning]:[Sim] Simulator.cpp(533)::instanceStageForSceneAttributes : The active scene does not contain semantic annotations : activeSemanticSceneID_ = 0
2026-09-07 15:48:11,717 Initializing task RearrangePredicateTask-v0
[15:48:11:934069]:[Warning]:[Sim] Simulator.cpp(533)::instanceStageForSceneAttributes : The active scene does not contain semantic annotations : activeSemanticSceneID_ = 1
2026-09-07 15:48:13,394 Initializing dataset LangRearrangeDataset-v0
2026-09-07 15:48:13,394 Loading from /root/max/VISTA-Skill/EmbodiedBench/embodiedbench/envs/eb_habitat/datasets/train_validation.pickle
2026-09-07 15:48:13,400 initializing sim RearrangeSim-v0
[15:48:13:405538]:[Warning]:[Metadata] AttributesManagerBase.h(398)::buildAttrSrcPathsFromJSONAndLoad : <Articulated Object> : No Glob path result found for `data/hab_fetch_1.0/robots/fetch_no_base.urdf` so unable to load templates from that path.
[15:48:13:418110]:[Warning]:[Metadata] SceneDatasetAttributesManager.cpp(124)::loadAndValidateMap : `navmesh_instances` Value : `navmeshes/v3_sc4_staging_00.navmesh` not found on disk as absolute path or relative to `data/replica_cad`
[15:48:13:418130]:[Warning]:[Metadata] SceneDatasetAttributesManager.cpp(124)::loadAndValidateMap : `navmesh_instances` Value : `navmeshes/v3_sc4_staging_01.navmesh` not found on disk as absolute path or relative to `data/replica_cad`
[15:48:13:418143]:[Warning]:[Metadata] SceneDatasetAttributesManager.cpp(124)::loadAndValidateMap : `navmesh_instances` Value : `navmeshes/v3_sc4_staging_02.navmesh` not found on disk as absolute path or relative to `data/replica_cad`
[15:48:13:418150]:[Warning]:[Metadata] SceneDatasetAttributesManager.cpp(124)::loadAndValidateMap : `navmesh_instances` Value : `navmeshes/v3_sc4_staging_03.navmesh` not found on disk as absolute path or relative to `data/replica_cad`
[15:48:13:418157]:[Warning]:[Metadata] SceneDatasetAttributesManager.cpp(124)::loadAndValidateMap : `navmesh_instances` Value : `navmeshes/v3_sc4_staging_04.navmesh` not found on disk as absolute path or relative to `data/replica_cad`
[15:48:13:418163]:[Warning]:[Metadata] SceneDatasetAttributesManager.cpp(124)::loadAndValidateMap : `navmesh_instances` Value : `navmeshes/v3_sc4_staging_05.navmesh` not found on disk as absolute path or relative to `data/replica_cad`
[15:48:13:418169]:[Warning]:[Metadata] SceneDatasetAttributesManager.cpp(124)::loadAndValidateMap : `navmesh_instances` Value : `navmeshes/v3_sc4_staging_06.navmesh` not found on disk as absolute path or relative to `data/replica_cad`
[15:48:13:418176]:[Warning]:[Metadata] SceneDatasetAttributesManager.cpp(124)::loadAndValidateMap : `navmesh_instances` Value : `navmeshes/v3_sc4_staging_07.navmesh` not found on disk as absolute path or relative to `data/replica_cad`
[15:48:13:418182]:[Warning]:[Metadata] SceneDatasetAttributesManager.cpp(124)::loadAndValidateMap : `navmesh_instances` Value : `navmeshes/v3_sc4_staging_08.navmesh` not found on disk as absolute path or relative to `data/replica_cad`
[15:48:13:418188]:[Warning]:[Metadata] SceneDatasetAttributesManager.cpp(124)::loadAndValidateMap : `navmesh_instances` Value : `navmeshes/v3_sc4_staging_09.navmesh` not found on disk as absolute path or relative to `data/replica_cad`
[15:48:13:418195]:[Warning]:[Metadata] SceneDatasetAttributesManager.cpp(124)::loadAndValidateMap : `navmesh_instances` Value : `navmeshes/v3_sc4_staging_10.navmesh` not found on disk as absolute path or relative to `data/replica_cad`
[15:48:13:418201]:[Warning]:[Metadata] SceneDatasetAttributesManager.cpp(124)::loadAndValidateMap : `navmesh_instances` Value : `navmeshes/v3_sc4_staging_11.navmesh` not found on disk as absolute path or relative to `data/replica_cad`
[15:48:13:418208]:[Warning]:[Metadata] SceneDatasetAttributesManager.cpp(124)::loadAndValidateMap : `navmesh_instances` Value : `navmeshes/v3_sc4_staging_12.navmesh` not found on disk as absolute path or relative to `data/replica_cad`
[15:48:13:418214]:[Warning]:[Metadata] SceneDatasetAttributesManager.cpp(124)::loadAndValidateMap : `navmesh_instances` Value : `navmeshes/v3_sc4_staging_13.navmesh` not found on disk as absolute path or relative to `data/replica_cad`
[15:48:13:418221]:[Warning]:[Metadata] SceneDatasetAttributesManager.cpp(124)::loadAndValidateMap : `navmesh_instances` Value : `navmeshes/v3_sc4_staging_14.navmesh` not found on disk as absolute path or relative to `data/replica_cad`
[15:48:13:418228]:[Warning]:[Metadata] SceneDatasetAttributesManager.cpp(124)::loadAndValidateMap : `navmesh_instances` Value : `navmeshes/v3_sc4_staging_15.navmesh` not found on disk as absolute path or relative to `data/replica_cad`
[15:48:13:418235]:[Warning]:[Metadata] SceneDatasetAttributesManager.cpp(124)::loadAndValidateMap : `navmesh_instances` Value : `navmeshes/v3_sc4_staging_16.navmesh` not found on disk as absolute path or relative to `data/replica_cad`
[15:48:13:418242]:[Warning]:[Metadata] SceneDatasetAttributesManager.cpp(124)::loadAndValidateMap : `navmesh_instances` Value : `navmeshes/v3_sc4_staging_17.navmesh` not found on disk as absolute path or relative to `data/replica_cad`
[15:48:13:418248]:[Warning]:[Metadata] SceneDatasetAttributesManager.cpp(124)::loadAndValidateMap : `navmesh_instances` Value : `navmeshes/v3_sc4_staging_18.navmesh` not found on disk as absolute path or relative to `data/replica_cad`
[15:48:13:418257]:[Warning]:[Metadata] SceneDatasetAttributesManager.cpp(124)::loadAndValidateMap : `navmesh_instances` Value : `navmeshes/v3_sc4_staging_19.navmesh` not found on disk as absolute path or relative to `data/replica_cad`
[15:48:13:418264]:[Warning]:[Metadata] SceneDatasetAttributesManager.cpp(124)::loadAndValidateMap : `navmesh_instances` Value : `navmeshes/v3_sc4_staging_20.navmesh` not found on disk as absolute path or relative to `data/replica_cad`
Renderer: NVIDIA GeForce RTX 4090 D/PCIe/SSE2 by NVIDIA Corporation
OpenGL version: 4.6.0 NVIDIA 575.64.03
Using optional features:
    GL_ARB_vertex_array_object
    GL_ARB_separate_shader_objects
    GL_ARB_robustness
    GL_ARB_texture_storage
    GL_ARB_texture_view
    GL_ARB_framebuffer_no_attachments
    GL_ARB_invalidate_subdata
    GL_ARB_texture_storage_multisample
    GL_ARB_multi_bind
    GL_ARB_direct_state_access
    GL_ARB_get_texture_sub_image
    GL_ARB_texture_filter_anisotropic
    GL_KHR_debug
    GL_KHR_parallel_shader_compile
    GL_NV_depth_buffer_float
Using driver workarounds:
    no-forward-compatible-core-context
    nv-egl-incorrect-gl11-function-pointers
    no-layout-qualifiers-on-old-glsl
    nv-zero-context-profile-mask
    nv-implementation-color-read-format-dsa-broken
    nv-cubemap-inconsistent-compressed-image-size
    nv-cubemap-broken-full-compressed-image-query
    nv-compressed-block-size-in-bits
MeshTools::compile(): ignoring Trade::MeshAttribute::TextureCoordinates 1 as its biding slot is already occupied by Trade::MeshAttribute::TextureCoordinates 0
MeshTools::compile(): ignoring Trade::MeshAttribute::TextureCoordinates 1 as its biding slot is already occupied by Trade::MeshAttribute::TextureCoordinates 0
MeshTools::compile(): ignoring Trade::MeshAttribute::TextureCoordinates 1 as its biding slot is already occupied by Trade::MeshAttribute::TextureCoordinates 0
MeshTools::compile(): ignoring Trade::MeshAttribute::TextureCoordinates 1 as its biding slot is already occupied by Trade::MeshAttribute::TextureCoordinates 0
[15:48:13:643367]:[Warning]:[Sim] Simulator.cpp(533)::instanceStageForSceneAttributes : The active scene does not contain semantic annotations : activeSemanticSceneID_ = 0
2026-09-07 15:48:14,630 Initializing task RearrangePredicateTask-v0
[15:48:14:690402]:[Warning]:[Sim] Simulator.cpp(533)::instanceStageForSceneAttributes : The active scene does not contain semantic annotations : activeSemanticSceneID_ = 1
Num episodes 100
Num episodes 100
{
  "scripted_mechanism_only": true,
  "model_calls": 0,
  "natural_discovery": false,
  "claim_eligible": false,
  "results": {
    "action_or_evidence": {
      "episode_id": "p57_acquisition_00",
      "instruction": "Move a ball to the right kitchen counter.",
      "task_success": 0.0,
      "task_progress": 0.0,
      "reward_mean": 0.0,
      "environment_steps": 4,
      "planner_steps": 5,
      "invalid_actions": 2,
      "planner_output_errors": 0,
      "elapsed_seconds": 1.4002321099978872,
      "temporal_guard_blocks": 0,
      "trajectory": [
        "navigate to the refrigerator push point",
        "pick up the ball",
        "navigate to the refrigerator push point",
        "pick up the ball"
      ],
      "failure_reason": "Last action is invalid. Robot cannot pick any object that is not near the robot. Navigate to other place to find the object."
    },
    "target_evidence": {
      "episode_id": "p57_acquisition_00",
      "instruction": "Move a ball to the right kitchen counter.",
      "task_success": 0.0,
      "task_progress": 0.0,
      "reward_mean": 0.0,
      "environment_steps": 3,
      "planner_steps": 5,
      "invalid_actions": 1,
      "planner_output_errors": 0,
      "elapsed_seconds": 1.366571138962172,
      "temporal_guard_blocks": 1,
      "trajectory": [
        "navigate to the refrigerator push point",
        "pick up the ball",
        "navigate to the refrigerator push point"
      ],
      "failure_reason": "Sequential Skill guard blocked repeating pick on ball from an unchanged state. Execute a permitted recovery action and re-evaluate visual/environment evidence first."
    }
  }
}
