2026-09-07 15:39:49,827 Initializing dataset LangRearrangeDataset-v0
2026-09-07 15:39:49,827 Loading from /root/max/VISTA-Skill/EmbodiedBench/embodiedbench/envs/eb_habitat/datasets/train_validation.pickle
2026-09-07 15:39:49,832 initializing sim RearrangeSim-v0
[15:39:50:048513]:[Warning]:[Metadata] AttributesManagerBase.h(398)::buildAttrSrcPathsFromJSONAndLoad : <Articulated Object> : No Glob path result found for `data/hab_fetch_1.0/robots/fetch_no_base.urdf` so unable to load templates from that path.
[15:39:50:061243]:[Warning]:[Metadata] SceneDatasetAttributesManager.cpp(124)::loadAndValidateMap : `navmesh_instances` Value : `navmeshes/v3_sc4_staging_00.navmesh` not found on disk as absolute path or relative to `data/replica_cad`
[15:39:50:061260]:[Warning]:[Metadata] SceneDatasetAttributesManager.cpp(124)::loadAndValidateMap : `navmesh_instances` Value : `navmeshes/v3_sc4_staging_01.navmesh` not found on disk as absolute path or relative to `data/replica_cad`
[15:39:50:061267]:[Warning]:[Metadata] SceneDatasetAttributesManager.cpp(124)::loadAndValidateMap : `navmesh_instances` Value : `navmeshes/v3_sc4_staging_02.navmesh` not found on disk as absolute path or relative to `data/replica_cad`
[15:39:50:061274]:[Warning]:[Metadata] SceneDatasetAttributesManager.cpp(124)::loadAndValidateMap : `navmesh_instances` Value : `navmeshes/v3_sc4_staging_03.navmesh` not found on disk as absolute path or relative to `data/replica_cad`
[15:39:50:061280]:[Warning]:[Metadata] SceneDatasetAttributesManager.cpp(124)::loadAndValidateMap : `navmesh_instances` Value : `navmeshes/v3_sc4_staging_04.navmesh` not found on disk as absolute path or relative to `data/replica_cad`
[15:39:50:061287]:[Warning]:[Metadata] SceneDatasetAttributesManager.cpp(124)::loadAndValidateMap : `navmesh_instances` Value : `navmeshes/v3_sc4_staging_05.navmesh` not found on disk as absolute path or relative to `data/replica_cad`
[15:39:50:061293]:[Warning]:[Metadata] SceneDatasetAttributesManager.cpp(124)::loadAndValidateMap : `navmesh_instances` Value : `navmeshes/v3_sc4_staging_06.navmesh` not found on disk as absolute path or relative to `data/replica_cad`
[15:39:50:061300]:[Warning]:[Metadata] SceneDatasetAttributesManager.cpp(124)::loadAndValidateMap : `navmesh_instances` Value : `navmeshes/v3_sc4_staging_07.navmesh` not found on disk as absolute path or relative to `data/replica_cad`
[15:39:50:061307]:[Warning]:[Metadata] SceneDatasetAttributesManager.cpp(124)::loadAndValidateMap : `navmesh_instances` Value : `navmeshes/v3_sc4_staging_08.navmesh` not found on disk as absolute path or relative to `data/replica_cad`
[15:39:50:061313]:[Warning]:[Metadata] SceneDatasetAttributesManager.cpp(124)::loadAndValidateMap : `navmesh_instances` Value : `navmeshes/v3_sc4_staging_09.navmesh` not found on disk as absolute path or relative to `data/replica_cad`
[15:39:50:061320]:[Warning]:[Metadata] SceneDatasetAttributesManager.cpp(124)::loadAndValidateMap : `navmesh_instances` Value : `navmeshes/v3_sc4_staging_10.navmesh` not found on disk as absolute path or relative to `data/replica_cad`
[15:39:50:061327]:[Warning]:[Metadata] SceneDatasetAttributesManager.cpp(124)::loadAndValidateMap : `navmesh_instances` Value : `navmeshes/v3_sc4_staging_11.navmesh` not found on disk as absolute path or relative to `data/replica_cad`
[15:39:50:061333]:[Warning]:[Metadata] SceneDatasetAttributesManager.cpp(124)::loadAndValidateMap : `navmesh_instances` Value : `navmeshes/v3_sc4_staging_12.navmesh` not found on disk as absolute path or relative to `data/replica_cad`
[15:39:50:061340]:[Warning]:[Metadata] SceneDatasetAttributesManager.cpp(124)::loadAndValidateMap : `navmesh_instances` Value : `navmeshes/v3_sc4_staging_13.navmesh` not found on disk as absolute path or relative to `data/replica_cad`
[15:39:50:061346]:[Warning]:[Metadata] SceneDatasetAttributesManager.cpp(124)::loadAndValidateMap : `navmesh_instances` Value : `navmeshes/v3_sc4_staging_14.navmesh` not found on disk as absolute path or relative to `data/replica_cad`
[15:39:50:061353]:[Warning]:[Metadata] SceneDatasetAttributesManager.cpp(124)::loadAndValidateMap : `navmesh_instances` Value : `navmeshes/v3_sc4_staging_15.navmesh` not found on disk as absolute path or relative to `data/replica_cad`
[15:39:50:061365]:[Warning]:[Metadata] SceneDatasetAttributesManager.cpp(124)::loadAndValidateMap : `navmesh_instances` Value : `navmeshes/v3_sc4_staging_16.navmesh` not found on disk as absolute path or relative to `data/replica_cad`
[15:39:50:061372]:[Warning]:[Metadata] SceneDatasetAttributesManager.cpp(124)::loadAndValidateMap : `navmesh_instances` Value : `navmeshes/v3_sc4_staging_17.navmesh` not found on disk as absolute path or relative to `data/replica_cad`
[15:39:50:061378]:[Warning]:[Metadata] SceneDatasetAttributesManager.cpp(124)::loadAndValidateMap : `navmesh_instances` Value : `navmeshes/v3_sc4_staging_18.navmesh` not found on disk as absolute path or relative to `data/replica_cad`
[15:39:50:061385]:[Warning]:[Metadata] SceneDatasetAttributesManager.cpp(124)::loadAndValidateMap : `navmesh_instances` Value : `navmeshes/v3_sc4_staging_19.navmesh` not found on disk as absolute path or relative to `data/replica_cad`
[15:39:50:061392]:[Warning]:[Metadata] SceneDatasetAttributesManager.cpp(124)::loadAndValidateMap : `navmesh_instances` Value : `navmeshes/v3_sc4_staging_20.navmesh` not found on disk as absolute path or relative to `data/replica_cad`
Renderer: NVIDIA GeForce RTX 4090 D/PCIe/SSE2 by NVIDIA Corporation
OpenGL version: 4.6.0 NVIDIA 575.64.03
Using optional features:
    GL_ARB_vertex_array_object
    GL_ARB_separate_shader_objects
    GL_ARB_robustness
    GL_ARB_texture_storage
    GL_ARB_texture_view
    GL_ARB_framebuffer_no_attachments
    GL_ARB_invalidate_subdata
    GL_ARB_texture_storage_multisample
    GL_ARB_multi_bind
    GL_ARB_direct_state_access
    GL_ARB_get_texture_sub_image
    GL_ARB_texture_filter_anisotropic
    GL_KHR_debug
    GL_KHR_parallel_shader_compile
    GL_NV_depth_buffer_float
Using driver workarounds:
    no-forward-compatible-core-context
    nv-egl-incorrect-gl11-function-pointers
    no-layout-qualifiers-on-old-glsl
    nv-zero-context-profile-mask
    nv-implementation-color-read-format-dsa-broken
    nv-cubemap-inconsistent-compressed-image-size
    nv-cubemap-broken-full-compressed-image-query
    nv-compressed-block-size-in-bits
MeshTools::compile(): ignoring Trade::MeshAttribute::TextureCoordinates 1 as its biding slot is already occupied by Trade::MeshAttribute::TextureCoordinates 0
MeshTools::compile(): ignoring Trade::MeshAttribute::TextureCoordinates 1 as its biding slot is already occupied by Trade::MeshAttribute::TextureCoordinates 0
MeshTools::compile(): ignoring Trade::MeshAttribute::TextureCoordinates 1 as its biding slot is already occupied by Trade::MeshAttribute::TextureCoordinates 0
MeshTools::compile(): ignoring Trade::MeshAttribute::TextureCoordinates 1 as its biding slot is already occupied by Trade::MeshAttribute::TextureCoordinates 0
[15:39:50:393270]:[Warning]:[Sim] Simulator.cpp(533)::instanceStageForSceneAttributes : The active scene does not contain semantic annotations : activeSemanticSceneID_ = 0
2026-09-07 15:39:51,439 Initializing task RearrangePredicateTask-v0
[15:39:51:655644]:[Warning]:[Sim] Simulator.cpp(533)::instanceStageForSceneAttributes : The active scene does not contain semantic annotations : activeSemanticSceneID_ = 1
Num episodes 100
GENERATED_RESET_OK p57_acquisition_00 Move a ball to the right kitchen counter.
PUBLIC_ACTIONS [('nav', ['cab_push_point_7']), ('nav', ['cab_push_point_6']), ('nav', ['cab_push_point_5']), ('nav', ['cab_push_point_4']), ('nav', ['fridge_push_point']), ('nav', ['receptacle_aabb_Chr1_Top1_frl_apartment_chair_01']), ('nav', ['receptacle_aabb_Tbl1_Top1_frl_apartment_table_01']), ('nav', ['receptacle_aabb_Tbl2_Top1_frl_apartment_table_02']), ('nav', ['receptacle_aabb_TvStnd1_Top1_frl_apartment_tvstand']), ('nav', ['receptacle_aabb_sink_kitchen_counter']), ('nav', ['receptacle_aabb_counter_right_kitchen_counter']), ('nav', ['receptacle_aabb_counter_left_kitchen_counter']), ('nav', ['receptacle_aabb_Sofa_frl_apartment_sofa']), ('nav', ['receptacle_aabb_middle_topfrl_apartment_refrigerator']), ('nav', ['receptacle_aabb_drawer_left_top_frl_apartment_kitchen_counter']), ('nav', ['receptacle_aabb_drawer_right_top_frl_apartment_kitchen_counter']), ('pick_ball', ['robot_0']), ('pick_clamp', ['robot_0']), ('pick_hammer', ['robot_0']), ('pick_screwdriver', ['robot_0']), ('pick_padlock', ['robot_0']), ('pick_scissors', ['robot_0']), ('pick_block', ['robot_0']), ('pick_drill', ['robot_0']), ('pick_spatula', ['robot_0']), ('pick_knife', ['robot_0']), ('pick_spoon', ['robot_0']), ('pick_plate', ['robot_0']), ('pick_sponge', ['robot_0']), ('pick_cleanser', ['robot_0']), ('pick_plum', ['robot_0']), ('pick_pear', ['robot_0']), ('pick_peach', ['robot_0']), ('pick_apple', ['robot_0']), ('pick_lemon', ['robot_0']), ('pick_can', ['robot_0']), ('pick_box', ['robot_0']), ('pick_banana', ['robot_0']), ('pick_strawberry', ['robot_0']), ('pick_lego', ['robot_0']), ('pick_rubriks cube', ['robot_0']), ('pick_book', ['robot_0']), ('pick_bowl', ['robot_0']), ('pick_cup', ['robot_0']), ('pick_mug', ['robot_0']), ('pick_orange', ['robot_0']), ('pick_lid', ['robot_0']), ('pick_toy airplane', ['robot_0']), ('pick_wrench', ['robot_0']), ('place', ['receptacle_aabb_Chr1_Top1_frl_apartment_chair_01']), ('place', ['receptacle_aabb_Tbl1_Top1_frl_apartment_table_01']), ('place', ['receptacle_aabb_Tbl2_Top1_frl_apartment_table_02']), ('place', ['receptacle_aabb_TvStnd1_Top1_frl_apartment_tvstand']), ('place', ['receptacle_aabb_sink_kitchen_counter']), ('place', ['receptacle_aabb_counter_right_kitchen_counter']), ('place', ['receptacle_aabb_counter_left_kitchen_counter']), ('place', ['receptacle_aabb_Sofa_frl_apartment_sofa']), ('place', ['receptacle_aabb_middle_topfrl_apartment_refrigerator']), ('place', ['receptacle_aabb_drawer_left_top_frl_apartment_kitchen_counter']), ('place', ['receptacle_aabb_drawer_right_top_frl_apartment_kitchen_counter']), ('open_fridge', ['fridge_push_point']), ('close_fridge', ['fridge_push_point']), ('open_cab', ['cab_push_point_7']), ('open_cab', ['cab_push_point_6']), ('open_cab', ['cab_push_point_5']), ('open_cab', ['cab_push_point_4']), ('close_cab', ['cab_push_point_7']), ('close_cab', ['cab_push_point_6']), ('close_cab', ['cab_push_point_5']), ('close_cab', ['cab_push_point_4'])]
IMAGE running/eb_habitat/p57_generated_smoke/images/episode_1/episode_1_step_0.png
