2026-09-07 16:40:03,857 Initializing dataset LangRearrangeDataset-v0
2026-09-07 16:40:03,857 Loading from /root/max/VISTA-Skill/EmbodiedBench/embodiedbench/envs/eb_habitat/datasets/train_validation.pickle
2026-09-07 16:40:03,863 initializing sim RearrangeSim-v0
[16:40:03:871924]:[Warning]:[Metadata] AttributesManagerBase.h(398)::buildAttrSrcPathsFromJSONAndLoad : <Articulated Object> : No Glob path result found for `data/hab_fetch_1.0/robots/fetch_no_base.urdf` so unable to load templates from that path.
[16:40:03:884255]:[Warning]:[Metadata] SceneDatasetAttributesManager.cpp(124)::loadAndValidateMap : `navmesh_instances` Value : `navmeshes/v3_sc4_staging_00.navmesh` not found on disk as absolute path or relative to `data/replica_cad`
[16:40:03:884271]:[Warning]:[Metadata] SceneDatasetAttributesManager.cpp(124)::loadAndValidateMap : `navmesh_instances` Value : `navmeshes/v3_sc4_staging_01.navmesh` not found on disk as absolute path or relative to `data/replica_cad`
[16:40:03:884278]:[Warning]:[Metadata] SceneDatasetAttributesManager.cpp(124)::loadAndValidateMap : `navmesh_instances` Value : `navmeshes/v3_sc4_staging_02.navmesh` not found on disk as absolute path or relative to `data/replica_cad`
[16:40:03:884286]:[Warning]:[Metadata] SceneDatasetAttributesManager.cpp(124)::loadAndValidateMap : `navmesh_instances` Value : `navmeshes/v3_sc4_staging_03.navmesh` not found on disk as absolute path or relative to `data/replica_cad`
[16:40:03:884292]:[Warning]:[Metadata] SceneDatasetAttributesManager.cpp(124)::loadAndValidateMap : `navmesh_instances` Value : `navmeshes/v3_sc4_staging_04.navmesh` not found on disk as absolute path or relative to `data/replica_cad`
[16:40:03:884299]:[Warning]:[Metadata] SceneDatasetAttributesManager.cpp(124)::loadAndValidateMap : `navmesh_instances` Value : `navmeshes/v3_sc4_staging_05.navmesh` not found on disk as absolute path or relative to `data/replica_cad`
[16:40:03:884306]:[Warning]:[Metadata] SceneDatasetAttributesManager.cpp(124)::loadAndValidateMap : `navmesh_instances` Value : `navmeshes/v3_sc4_staging_06.navmesh` not found on disk as absolute path or relative to `data/replica_cad`
[16:40:03:884312]:[Warning]:[Metadata] SceneDatasetAttributesManager.cpp(124)::loadAndValidateMap : `navmesh_instances` Value : `navmeshes/v3_sc4_staging_07.navmesh` not found on disk as absolute path or relative to `data/replica_cad`
[16:40:03:884319]:[Warning]:[Metadata] SceneDatasetAttributesManager.cpp(124)::loadAndValidateMap : `navmesh_instances` Value : `navmeshes/v3_sc4_staging_08.navmesh` not found on disk as absolute path or relative to `data/replica_cad`
[16:40:03:884326]:[Warning]:[Metadata] SceneDatasetAttributesManager.cpp(124)::loadAndValidateMap : `navmesh_instances` Value : `navmeshes/v3_sc4_staging_09.navmesh` not found on disk as absolute path or relative to `data/replica_cad`
[16:40:03:884333]:[Warning]:[Metadata] SceneDatasetAttributesManager.cpp(124)::loadAndValidateMap : `navmesh_instances` Value : `navmeshes/v3_sc4_staging_10.navmesh` not found on disk as absolute path or relative to `data/replica_cad`
[16:40:03:884339]:[Warning]:[Metadata] SceneDatasetAttributesManager.cpp(124)::loadAndValidateMap : `navmesh_instances` Value : `navmeshes/v3_sc4_staging_11.navmesh` not found on disk as absolute path or relative to `data/replica_cad`
[16:40:03:884346]:[Warning]:[Metadata] SceneDatasetAttributesManager.cpp(124)::loadAndValidateMap : `navmesh_instances` Value : `navmeshes/v3_sc4_staging_12.navmesh` not found on disk as absolute path or relative to `data/replica_cad`
[16:40:03:884353]:[Warning]:[Metadata] SceneDatasetAttributesManager.cpp(124)::loadAndValidateMap : `navmesh_instances` Value : `navmeshes/v3_sc4_staging_13.navmesh` not found on disk as absolute path or relative to `data/replica_cad`
[16:40:03:884359]:[Warning]:[Metadata] SceneDatasetAttributesManager.cpp(124)::loadAndValidateMap : `navmesh_instances` Value : `navmeshes/v3_sc4_staging_14.navmesh` not found on disk as absolute path or relative to `data/replica_cad`
[16:40:03:884366]:[Warning]:[Metadata] SceneDatasetAttributesManager.cpp(124)::loadAndValidateMap : `navmesh_instances` Value : `navmeshes/v3_sc4_staging_15.navmesh` not found on disk as absolute path or relative to `data/replica_cad`
[16:40:03:884378]:[Warning]:[Metadata] SceneDatasetAttributesManager.cpp(124)::loadAndValidateMap : `navmesh_instances` Value : `navmeshes/v3_sc4_staging_16.navmesh` not found on disk as absolute path or relative to `data/replica_cad`
[16:40:03:884385]:[Warning]:[Metadata] SceneDatasetAttributesManager.cpp(124)::loadAndValidateMap : `navmesh_instances` Value : `navmeshes/v3_sc4_staging_17.navmesh` not found on disk as absolute path or relative to `data/replica_cad`
[16:40:03:884392]:[Warning]:[Metadata] SceneDatasetAttributesManager.cpp(124)::loadAndValidateMap : `navmesh_instances` Value : `navmeshes/v3_sc4_staging_18.navmesh` not found on disk as absolute path or relative to `data/replica_cad`
[16:40:03:884399]:[Warning]:[Metadata] SceneDatasetAttributesManager.cpp(124)::loadAndValidateMap : `navmesh_instances` Value : `navmeshes/v3_sc4_staging_19.navmesh` not found on disk as absolute path or relative to `data/replica_cad`
[16:40:03:884406]:[Warning]:[Metadata] SceneDatasetAttributesManager.cpp(124)::loadAndValidateMap : `navmesh_instances` Value : `navmeshes/v3_sc4_staging_20.navmesh` not found on disk as absolute path or relative to `data/replica_cad`
Renderer: NVIDIA GeForce RTX 4090 D/PCIe/SSE2 by NVIDIA Corporation
OpenGL version: 4.6.0 NVIDIA 575.64.03
Using optional features:
    GL_ARB_vertex_array_object
    GL_ARB_separate_shader_objects
    GL_ARB_robustness
    GL_ARB_texture_storage
    GL_ARB_texture_view
    GL_ARB_framebuffer_no_attachments
    GL_ARB_invalidate_subdata
    GL_ARB_texture_storage_multisample
    GL_ARB_multi_bind
    GL_ARB_direct_state_access
    GL_ARB_get_texture_sub_image
    GL_ARB_texture_filter_anisotropic
    GL_KHR_debug
    GL_KHR_parallel_shader_compile
    GL_NV_depth_buffer_float
Using driver workarounds:
    no-forward-compatible-core-context
    nv-egl-incorrect-gl11-function-pointers
    no-layout-qualifiers-on-old-glsl
    nv-zero-context-profile-mask
    nv-implementation-color-read-format-dsa-broken
    nv-cubemap-inconsistent-compressed-image-size
    nv-cubemap-broken-full-compressed-image-query
    nv-compressed-block-size-in-bits
MeshTools::compile(): ignoring Trade::MeshAttribute::TextureCoordinates 1 as its biding slot is already occupied by Trade::MeshAttribute::TextureCoordinates 0
MeshTools::compile(): ignoring Trade::MeshAttribute::TextureCoordinates 1 as its biding slot is already occupied by Trade::MeshAttribute::TextureCoordinates 0
MeshTools::compile(): ignoring Trade::MeshAttribute::TextureCoordinates 1 as its biding slot is already occupied by Trade::MeshAttribute::TextureCoordinates 0
MeshTools::compile(): ignoring Trade::MeshAttribute::TextureCoordinates 1 as its biding slot is already occupied by Trade::MeshAttribute::TextureCoordinates 0
[16:40:04:241802]:[Warning]:[Sim] Simulator.cpp(533)::instanceStageForSceneAttributes : The active scene does not contain semantic annotations : activeSemanticSceneID_ = 0
2026-09-07 16:40:05,303 Initializing task RearrangePredicateTask-v0
[16:40:05:817514]:[Warning]:[Sim] Simulator.cpp(533)::instanceStageForSceneAttributes : The active scene does not contain semantic annotations : activeSemanticSceneID_ = 1
Num episodes 100
COMPLETE mechanism p57_acquisition_00 seed=570907 arm=candidate success=0.0
2026-09-07 16:41:54,688 Initializing dataset LangRearrangeDataset-v0
2026-09-07 16:41:54,688 Loading from /root/max/VISTA-Skill/EmbodiedBench/embodiedbench/envs/eb_habitat/datasets/train_validation.pickle
2026-09-07 16:41:54,694 initializing sim RearrangeSim-v0
[16:41:54:701386]:[Warning]:[Metadata] AttributesManagerBase.h(398)::buildAttrSrcPathsFromJSONAndLoad : <Articulated Object> : No Glob path result found for `data/hab_fetch_1.0/robots/fetch_no_base.urdf` so unable to load templates from that path.
[16:41:54:714538]:[Warning]:[Metadata] SceneDatasetAttributesManager.cpp(124)::loadAndValidateMap : `navmesh_instances` Value : `navmeshes/v3_sc4_staging_00.navmesh` not found on disk as absolute path or relative to `data/replica_cad`
[16:41:54:714564]:[Warning]:[Metadata] SceneDatasetAttributesManager.cpp(124)::loadAndValidateMap : `navmesh_instances` Value : `navmeshes/v3_sc4_staging_01.navmesh` not found on disk as absolute path or relative to `data/replica_cad`
[16:41:54:714571]:[Warning]:[Metadata] SceneDatasetAttributesManager.cpp(124)::loadAndValidateMap : `navmesh_instances` Value : `navmeshes/v3_sc4_staging_02.navmesh` not found on disk as absolute path or relative to `data/replica_cad`
[16:41:54:714578]:[Warning]:[Metadata] SceneDatasetAttributesManager.cpp(124)::loadAndValidateMap : `navmesh_instances` Value : `navmeshes/v3_sc4_staging_03.navmesh` not found on disk as absolute path or relative to `data/replica_cad`
[16:41:54:714585]:[Warning]:[Metadata] SceneDatasetAttributesManager.cpp(124)::loadAndValidateMap : `navmesh_instances` Value : `navmeshes/v3_sc4_staging_04.navmesh` not found on disk as absolute path or relative to `data/replica_cad`
[16:41:54:714592]:[Warning]:[Metadata] SceneDatasetAttributesManager.cpp(124)::loadAndValidateMap : `navmesh_instances` Value : `navmeshes/v3_sc4_staging_05.navmesh` not found on disk as absolute path or relative to `data/replica_cad`
[16:41:54:714599]:[Warning]:[Metadata] SceneDatasetAttributesManager.cpp(124)::loadAndValidateMap : `navmesh_instances` Value : `navmeshes/v3_sc4_staging_06.navmesh` not found on disk as absolute path or relative to `data/replica_cad`
[16:41:54:714605]:[Warning]:[Metadata] SceneDatasetAttributesManager.cpp(124)::loadAndValidateMap : `navmesh_instances` Value : `navmeshes/v3_sc4_staging_07.navmesh` not found on disk as absolute path or relative to `data/replica_cad`
[16:41:54:714612]:[Warning]:[Metadata] SceneDatasetAttributesManager.cpp(124)::loadAndValidateMap : `navmesh_instances` Value : `navmeshes/v3_sc4_staging_08.navmesh` not found on disk as absolute path or relative to `data/replica_cad`
[16:41:54:714619]:[Warning]:[Metadata] SceneDatasetAttributesManager.cpp(124)::loadAndValidateMap : `navmesh_instances` Value : `navmeshes/v3_sc4_staging_09.navmesh` not found on disk as absolute path or relative to `data/replica_cad`
[16:41:54:714626]:[Warning]:[Metadata] SceneDatasetAttributesManager.cpp(124)::loadAndValidateMap : `navmesh_instances` Value : `navmeshes/v3_sc4_staging_10.navmesh` not found on disk as absolute path or relative to `data/replica_cad`
[16:41:54:714633]:[Warning]:[Metadata] SceneDatasetAttributesManager.cpp(124)::loadAndValidateMap : `navmesh_instances` Value : `navmeshes/v3_sc4_staging_11.navmesh` not found on disk as absolute path or relative to `data/replica_cad`
[16:41:54:714639]:[Warning]:[Metadata] SceneDatasetAttributesManager.cpp(124)::loadAndValidateMap : `navmesh_instances` Value : `navmeshes/v3_sc4_staging_12.navmesh` not found on disk as absolute path or relative to `data/replica_cad`
[16:41:54:714646]:[Warning]:[Metadata] SceneDatasetAttributesManager.cpp(124)::loadAndValidateMap : `navmesh_instances` Value : `navmeshes/v3_sc4_staging_13.navmesh` not found on disk as absolute path or relative to `data/replica_cad`
[16:41:54:714653]:[Warning]:[Metadata] SceneDatasetAttributesManager.cpp(124)::loadAndValidateMap : `navmesh_instances` Value : `navmeshes/v3_sc4_staging_14.navmesh` not found on disk as absolute path or relative to `data/replica_cad`
[16:41:54:714659]:[Warning]:[Metadata] SceneDatasetAttributesManager.cpp(124)::loadAndValidateMap : `navmesh_instances` Value : `navmeshes/v3_sc4_staging_15.navmesh` not found on disk as absolute path or relative to `data/replica_cad`
[16:41:54:714666]:[Warning]:[Metadata] SceneDatasetAttributesManager.cpp(124)::loadAndValidateMap : `navmesh_instances` Value : `navmeshes/v3_sc4_staging_16.navmesh` not found on disk as absolute path or relative to `data/replica_cad`
[16:41:54:714673]:[Warning]:[Metadata] SceneDatasetAttributesManager.cpp(124)::loadAndValidateMap : `navmesh_instances` Value : `navmeshes/v3_sc4_staging_17.navmesh` not found on disk as absolute path or relative to `data/replica_cad`
[16:41:54:714680]:[Warning]:[Metadata] SceneDatasetAttributesManager.cpp(124)::loadAndValidateMap : `navmesh_instances` Value : `navmeshes/v3_sc4_staging_18.navmesh` not found on disk as absolute path or relative to `data/replica_cad`
[16:41:54:714688]:[Warning]:[Metadata] SceneDatasetAttributesManager.cpp(124)::loadAndValidateMap : `navmesh_instances` Value : `navmeshes/v3_sc4_staging_19.navmesh` not found on disk as absolute path or relative to `data/replica_cad`
[16:41:54:714695]:[Warning]:[Metadata] SceneDatasetAttributesManager.cpp(124)::loadAndValidateMap : `navmesh_instances` Value : `navmeshes/v3_sc4_staging_20.navmesh` not found on disk as absolute path or relative to `data/replica_cad`
Renderer: NVIDIA GeForce RTX 4090 D/PCIe/SSE2 by NVIDIA Corporation
OpenGL version: 4.6.0 NVIDIA 575.64.03
Using optional features:
    GL_ARB_vertex_array_object
    GL_ARB_separate_shader_objects
    GL_ARB_robustness
    GL_ARB_texture_storage
    GL_ARB_texture_view
    GL_ARB_framebuffer_no_attachments
    GL_ARB_invalidate_subdata
    GL_ARB_texture_storage_multisample
    GL_ARB_multi_bind
    GL_ARB_direct_state_access
    GL_ARB_get_texture_sub_image
    GL_ARB_texture_filter_anisotropic
    GL_KHR_debug
    GL_KHR_parallel_shader_compile
    GL_NV_depth_buffer_float
Using driver workarounds:
    no-forward-compatible-core-context
    nv-egl-incorrect-gl11-function-pointers
    no-layout-qualifiers-on-old-glsl
    nv-zero-context-profile-mask
    nv-implementation-color-read-format-dsa-broken
    nv-cubemap-inconsistent-compressed-image-size
    nv-cubemap-broken-full-compressed-image-query
    nv-compressed-block-size-in-bits
MeshTools::compile(): ignoring Trade::MeshAttribute::TextureCoordinates 1 as its biding slot is already occupied by Trade::MeshAttribute::TextureCoordinates 0
MeshTools::compile(): ignoring Trade::MeshAttribute::TextureCoordinates 1 as its biding slot is already occupied by Trade::MeshAttribute::TextureCoordinates 0
MeshTools::compile(): ignoring Trade::MeshAttribute::TextureCoordinates 1 as its biding slot is already occupied by Trade::MeshAttribute::TextureCoordinates 0
MeshTools::compile(): ignoring Trade::MeshAttribute::TextureCoordinates 1 as its biding slot is already occupied by Trade::MeshAttribute::TextureCoordinates 0
[16:41:54:975428]:[Warning]:[Sim] Simulator.cpp(533)::instanceStageForSceneAttributes : The active scene does not contain semantic annotations : activeSemanticSceneID_ = 0
2026-09-07 16:41:55,994 Initializing task RearrangePredicateTask-v0
[16:41:56:065000]:[Warning]:[Sim] Simulator.cpp(533)::instanceStageForSceneAttributes : The active scene does not contain semantic annotations : activeSemanticSceneID_ = 1
Num episodes 100
COMPLETE mechanism p57_acquisition_00 seed=570907 arm=parent success=1.0
