2026-09-07 16:40:03,844 Initializing dataset LangRearrangeDataset-v0
2026-09-07 16:40:03,844 Loading from /root/max/VISTA-Skill/EmbodiedBench/embodiedbench/envs/eb_habitat/datasets/train_validation.pickle
2026-09-07 16:40:03,850 initializing sim RearrangeSim-v0
[16:40:03:858915]:[Warning]:[Metadata] AttributesManagerBase.h(398)::buildAttrSrcPathsFromJSONAndLoad : <Articulated Object> : No Glob path result found for `data/hab_fetch_1.0/robots/fetch_no_base.urdf` so unable to load templates from that path.
[16:40:03:871321]:[Warning]:[Metadata] SceneDatasetAttributesManager.cpp(124)::loadAndValidateMap : `navmesh_instances` Value : `navmeshes/v3_sc4_staging_00.navmesh` not found on disk as absolute path or relative to `data/replica_cad`
[16:40:03:871344]:[Warning]:[Metadata] SceneDatasetAttributesManager.cpp(124)::loadAndValidateMap : `navmesh_instances` Value : `navmeshes/v3_sc4_staging_01.navmesh` not found on disk as absolute path or relative to `data/replica_cad`
[16:40:03:871352]:[Warning]:[Metadata] SceneDatasetAttributesManager.cpp(124)::loadAndValidateMap : `navmesh_instances` Value : `navmeshes/v3_sc4_staging_02.navmesh` not found on disk as absolute path or relative to `data/replica_cad`
[16:40:03:871359]:[Warning]:[Metadata] SceneDatasetAttributesManager.cpp(124)::loadAndValidateMap : `navmesh_instances` Value : `navmeshes/v3_sc4_staging_03.navmesh` not found on disk as absolute path or relative to `data/replica_cad`
[16:40:03:871366]:[Warning]:[Metadata] SceneDatasetAttributesManager.cpp(124)::loadAndValidateMap : `navmesh_instances` Value : `navmeshes/v3_sc4_staging_04.navmesh` not found on disk as absolute path or relative to `data/replica_cad`
[16:40:03:871374]:[Warning]:[Metadata] SceneDatasetAttributesManager.cpp(124)::loadAndValidateMap : `navmesh_instances` Value : `navmeshes/v3_sc4_staging_05.navmesh` not found on disk as absolute path or relative to `data/replica_cad`
[16:40:03:871380]:[Warning]:[Metadata] SceneDatasetAttributesManager.cpp(124)::loadAndValidateMap : `navmesh_instances` Value : `navmeshes/v3_sc4_staging_06.navmesh` not found on disk as absolute path or relative to `data/replica_cad`
[16:40:03:871387]:[Warning]:[Metadata] SceneDatasetAttributesManager.cpp(124)::loadAndValidateMap : `navmesh_instances` Value : `navmeshes/v3_sc4_staging_07.navmesh` not found on disk as absolute path or relative to `data/replica_cad`
[16:40:03:871394]:[Warning]:[Metadata] SceneDatasetAttributesManager.cpp(124)::loadAndValidateMap : `navmesh_instances` Value : `navmeshes/v3_sc4_staging_08.navmesh` not found on disk as absolute path or relative to `data/replica_cad`
[16:40:03:871401]:[Warning]:[Metadata] SceneDatasetAttributesManager.cpp(124)::loadAndValidateMap : `navmesh_instances` Value : `navmeshes/v3_sc4_staging_09.navmesh` not found on disk as absolute path or relative to `data/replica_cad`
[16:40:03:871408]:[Warning]:[Metadata] SceneDatasetAttributesManager.cpp(124)::loadAndValidateMap : `navmesh_instances` Value : `navmeshes/v3_sc4_staging_10.navmesh` not found on disk as absolute path or relative to `data/replica_cad`
[16:40:03:871415]:[Warning]:[Metadata] SceneDatasetAttributesManager.cpp(124)::loadAndValidateMap : `navmesh_instances` Value : `navmeshes/v3_sc4_staging_11.navmesh` not found on disk as absolute path or relative to `data/replica_cad`
[16:40:03:871422]:[Warning]:[Metadata] SceneDatasetAttributesManager.cpp(124)::loadAndValidateMap : `navmesh_instances` Value : `navmeshes/v3_sc4_staging_12.navmesh` not found on disk as absolute path or relative to `data/replica_cad`
[16:40:03:871429]:[Warning]:[Metadata] SceneDatasetAttributesManager.cpp(124)::loadAndValidateMap : `navmesh_instances` Value : `navmeshes/v3_sc4_staging_13.navmesh` not found on disk as absolute path or relative to `data/replica_cad`
[16:40:03:871435]:[Warning]:[Metadata] SceneDatasetAttributesManager.cpp(124)::loadAndValidateMap : `navmesh_instances` Value : `navmeshes/v3_sc4_staging_14.navmesh` not found on disk as absolute path or relative to `data/replica_cad`
[16:40:03:871442]:[Warning]:[Metadata] SceneDatasetAttributesManager.cpp(124)::loadAndValidateMap : `navmesh_instances` Value : `navmeshes/v3_sc4_staging_15.navmesh` not found on disk as absolute path or relative to `data/replica_cad`
[16:40:03:871456]:[Warning]:[Metadata] SceneDatasetAttributesManager.cpp(124)::loadAndValidateMap : `navmesh_instances` Value : `navmeshes/v3_sc4_staging_16.navmesh` not found on disk as absolute path or relative to `data/replica_cad`
[16:40:03:871463]:[Warning]:[Metadata] SceneDatasetAttributesManager.cpp(124)::loadAndValidateMap : `navmesh_instances` Value : `navmeshes/v3_sc4_staging_17.navmesh` not found on disk as absolute path or relative to `data/replica_cad`
[16:40:03:871470]:[Warning]:[Metadata] SceneDatasetAttributesManager.cpp(124)::loadAndValidateMap : `navmesh_instances` Value : `navmeshes/v3_sc4_staging_18.navmesh` not found on disk as absolute path or relative to `data/replica_cad`
[16:40:03:871477]:[Warning]:[Metadata] SceneDatasetAttributesManager.cpp(124)::loadAndValidateMap : `navmesh_instances` Value : `navmeshes/v3_sc4_staging_19.navmesh` not found on disk as absolute path or relative to `data/replica_cad`
[16:40:03:871484]:[Warning]:[Metadata] SceneDatasetAttributesManager.cpp(124)::loadAndValidateMap : `navmesh_instances` Value : `navmeshes/v3_sc4_staging_20.navmesh` not found on disk as absolute path or relative to `data/replica_cad`
Renderer: NVIDIA GeForce RTX 4090 D/PCIe/SSE2 by NVIDIA Corporation
OpenGL version: 4.6.0 NVIDIA 575.64.03
Using optional features:
    GL_ARB_vertex_array_object
    GL_ARB_separate_shader_objects
    GL_ARB_robustness
    GL_ARB_texture_storage
    GL_ARB_texture_view
    GL_ARB_framebuffer_no_attachments
    GL_ARB_invalidate_subdata
    GL_ARB_texture_storage_multisample
    GL_ARB_multi_bind
    GL_ARB_direct_state_access
    GL_ARB_get_texture_sub_image
    GL_ARB_texture_filter_anisotropic
    GL_KHR_debug
    GL_KHR_parallel_shader_compile
    GL_NV_depth_buffer_float
Using driver workarounds:
    no-forward-compatible-core-context
    nv-egl-incorrect-gl11-function-pointers
    no-layout-qualifiers-on-old-glsl
    nv-zero-context-profile-mask
    nv-implementation-color-read-format-dsa-broken
    nv-cubemap-inconsistent-compressed-image-size
    nv-cubemap-broken-full-compressed-image-query
    nv-compressed-block-size-in-bits
MeshTools::compile(): ignoring Trade::MeshAttribute::TextureCoordinates 1 as its biding slot is already occupied by Trade::MeshAttribute::TextureCoordinates 0
MeshTools::compile(): ignoring Trade::MeshAttribute::TextureCoordinates 1 as its biding slot is already occupied by Trade::MeshAttribute::TextureCoordinates 0
MeshTools::compile(): ignoring Trade::MeshAttribute::TextureCoordinates 1 as its biding slot is already occupied by Trade::MeshAttribute::TextureCoordinates 0
MeshTools::compile(): ignoring Trade::MeshAttribute::TextureCoordinates 1 as its biding slot is already occupied by Trade::MeshAttribute::TextureCoordinates 0
[16:40:04:239480]:[Warning]:[Sim] Simulator.cpp(533)::instanceStageForSceneAttributes : The active scene does not contain semantic annotations : activeSemanticSceneID_ = 0
2026-09-07 16:40:05,301 Initializing task RearrangePredicateTask-v0
[16:40:05:818119]:[Warning]:[Sim] Simulator.cpp(533)::instanceStageForSceneAttributes : The active scene does not contain semantic annotations : activeSemanticSceneID_ = 1
Num episodes 100
COMPLETE mechanism p57_acquisition_01 seed=570907 arm=parent success=0.0
2026-09-07 16:41:20,628 Initializing dataset LangRearrangeDataset-v0
2026-09-07 16:41:20,628 Loading from /root/max/VISTA-Skill/EmbodiedBench/embodiedbench/envs/eb_habitat/datasets/train_validation.pickle
2026-09-07 16:41:20,634 initializing sim RearrangeSim-v0
[16:41:20:641893]:[Warning]:[Metadata] AttributesManagerBase.h(398)::buildAttrSrcPathsFromJSONAndLoad : <Articulated Object> : No Glob path result found for `data/hab_fetch_1.0/robots/fetch_no_base.urdf` so unable to load templates from that path.
[16:41:20:655119]:[Warning]:[Metadata] SceneDatasetAttributesManager.cpp(124)::loadAndValidateMap : `navmesh_instances` Value : `navmeshes/v3_sc4_staging_00.navmesh` not found on disk as absolute path or relative to `data/replica_cad`
[16:41:20:655146]:[Warning]:[Metadata] SceneDatasetAttributesManager.cpp(124)::loadAndValidateMap : `navmesh_instances` Value : `navmeshes/v3_sc4_staging_01.navmesh` not found on disk as absolute path or relative to `data/replica_cad`
[16:41:20:655153]:[Warning]:[Metadata] SceneDatasetAttributesManager.cpp(124)::loadAndValidateMap : `navmesh_instances` Value : `navmeshes/v3_sc4_staging_02.navmesh` not found on disk as absolute path or relative to `data/replica_cad`
[16:41:20:655160]:[Warning]:[Metadata] SceneDatasetAttributesManager.cpp(124)::loadAndValidateMap : `navmesh_instances` Value : `navmeshes/v3_sc4_staging_03.navmesh` not found on disk as absolute path or relative to `data/replica_cad`
[16:41:20:655190]:[Warning]:[Metadata] SceneDatasetAttributesManager.cpp(124)::loadAndValidateMap : `navmesh_instances` Value : `navmeshes/v3_sc4_staging_04.navmesh` not found on disk as absolute path or relative to `data/replica_cad`
[16:41:20:655197]:[Warning]:[Metadata] SceneDatasetAttributesManager.cpp(124)::loadAndValidateMap : `navmesh_instances` Value : `navmeshes/v3_sc4_staging_05.navmesh` not found on disk as absolute path or relative to `data/replica_cad`
[16:41:20:655203]:[Warning]:[Metadata] SceneDatasetAttributesManager.cpp(124)::loadAndValidateMap : `navmesh_instances` Value : `navmeshes/v3_sc4_staging_06.navmesh` not found on disk as absolute path or relative to `data/replica_cad`
[16:41:20:655210]:[Warning]:[Metadata] SceneDatasetAttributesManager.cpp(124)::loadAndValidateMap : `navmesh_instances` Value : `navmeshes/v3_sc4_staging_07.navmesh` not found on disk as absolute path or relative to `data/replica_cad`
[16:41:20:655216]:[Warning]:[Metadata] SceneDatasetAttributesManager.cpp(124)::loadAndValidateMap : `navmesh_instances` Value : `navmeshes/v3_sc4_staging_08.navmesh` not found on disk as absolute path or relative to `data/replica_cad`
[16:41:20:655223]:[Warning]:[Metadata] SceneDatasetAttributesManager.cpp(124)::loadAndValidateMap : `navmesh_instances` Value : `navmeshes/v3_sc4_staging_09.navmesh` not found on disk as absolute path or relative to `data/replica_cad`
[16:41:20:655229]:[Warning]:[Metadata] SceneDatasetAttributesManager.cpp(124)::loadAndValidateMap : `navmesh_instances` Value : `navmeshes/v3_sc4_staging_10.navmesh` not found on disk as absolute path or relative to `data/replica_cad`
[16:41:20:655236]:[Warning]:[Metadata] SceneDatasetAttributesManager.cpp(124)::loadAndValidateMap : `navmesh_instances` Value : `navmeshes/v3_sc4_staging_11.navmesh` not found on disk as absolute path or relative to `data/replica_cad`
[16:41:20:655243]:[Warning]:[Metadata] SceneDatasetAttributesManager.cpp(124)::loadAndValidateMap : `navmesh_instances` Value : `navmeshes/v3_sc4_staging_12.navmesh` not found on disk as absolute path or relative to `data/replica_cad`
[16:41:20:655249]:[Warning]:[Metadata] SceneDatasetAttributesManager.cpp(124)::loadAndValidateMap : `navmesh_instances` Value : `navmeshes/v3_sc4_staging_13.navmesh` not found on disk as absolute path or relative to `data/replica_cad`
[16:41:20:655256]:[Warning]:[Metadata] SceneDatasetAttributesManager.cpp(124)::loadAndValidateMap : `navmesh_instances` Value : `navmeshes/v3_sc4_staging_14.navmesh` not found on disk as absolute path or relative to `data/replica_cad`
[16:41:20:655263]:[Warning]:[Metadata] SceneDatasetAttributesManager.cpp(124)::loadAndValidateMap : `navmesh_instances` Value : `navmeshes/v3_sc4_staging_15.navmesh` not found on disk as absolute path or relative to `data/replica_cad`
[16:41:20:655269]:[Warning]:[Metadata] SceneDatasetAttributesManager.cpp(124)::loadAndValidateMap : `navmesh_instances` Value : `navmeshes/v3_sc4_staging_16.navmesh` not found on disk as absolute path or relative to `data/replica_cad`
[16:41:20:655276]:[Warning]:[Metadata] SceneDatasetAttributesManager.cpp(124)::loadAndValidateMap : `navmesh_instances` Value : `navmeshes/v3_sc4_staging_17.navmesh` not found on disk as absolute path or relative to `data/replica_cad`
[16:41:20:655282]:[Warning]:[Metadata] SceneDatasetAttributesManager.cpp(124)::loadAndValidateMap : `navmesh_instances` Value : `navmeshes/v3_sc4_staging_18.navmesh` not found on disk as absolute path or relative to `data/replica_cad`
[16:41:20:655293]:[Warning]:[Metadata] SceneDatasetAttributesManager.cpp(124)::loadAndValidateMap : `navmesh_instances` Value : `navmeshes/v3_sc4_staging_19.navmesh` not found on disk as absolute path or relative to `data/replica_cad`
[16:41:20:655300]:[Warning]:[Metadata] SceneDatasetAttributesManager.cpp(124)::loadAndValidateMap : `navmesh_instances` Value : `navmeshes/v3_sc4_staging_20.navmesh` not found on disk as absolute path or relative to `data/replica_cad`
Renderer: NVIDIA GeForce RTX 4090 D/PCIe/SSE2 by NVIDIA Corporation
OpenGL version: 4.6.0 NVIDIA 575.64.03
Using optional features:
    GL_ARB_vertex_array_object
    GL_ARB_separate_shader_objects
    GL_ARB_robustness
    GL_ARB_texture_storage
    GL_ARB_texture_view
    GL_ARB_framebuffer_no_attachments
    GL_ARB_invalidate_subdata
    GL_ARB_texture_storage_multisample
    GL_ARB_multi_bind
    GL_ARB_direct_state_access
    GL_ARB_get_texture_sub_image
    GL_ARB_texture_filter_anisotropic
    GL_KHR_debug
    GL_KHR_parallel_shader_compile
    GL_NV_depth_buffer_float
Using driver workarounds:
    no-forward-compatible-core-context
    nv-egl-incorrect-gl11-function-pointers
    no-layout-qualifiers-on-old-glsl
    nv-zero-context-profile-mask
    nv-implementation-color-read-format-dsa-broken
    nv-cubemap-inconsistent-compressed-image-size
    nv-cubemap-broken-full-compressed-image-query
    nv-compressed-block-size-in-bits
MeshTools::compile(): ignoring Trade::MeshAttribute::TextureCoordinates 1 as its biding slot is already occupied by Trade::MeshAttribute::TextureCoordinates 0
MeshTools::compile(): ignoring Trade::MeshAttribute::TextureCoordinates 1 as its biding slot is already occupied by Trade::MeshAttribute::TextureCoordinates 0
MeshTools::compile(): ignoring Trade::MeshAttribute::TextureCoordinates 1 as its biding slot is already occupied by Trade::MeshAttribute::TextureCoordinates 0
MeshTools::compile(): ignoring Trade::MeshAttribute::TextureCoordinates 1 as its biding slot is already occupied by Trade::MeshAttribute::TextureCoordinates 0
[16:41:20:913274]:[Warning]:[Sim] Simulator.cpp(533)::instanceStageForSceneAttributes : The active scene does not contain semantic annotations : activeSemanticSceneID_ = 0
2026-09-07 16:41:21,931 Initializing task RearrangePredicateTask-v0
[16:41:22:002276]:[Warning]:[Sim] Simulator.cpp(533)::instanceStageForSceneAttributes : The active scene does not contain semantic annotations : activeSemanticSceneID_ = 1
Num episodes 100
COMPLETE mechanism p57_acquisition_01 seed=570907 arm=candidate success=0.0
